// Jest Snapshot v1, https://goo.gl/fbAQLP

exports[`shoud render DashboardPage correctly 1`] = `
<div>
  Dashboard content
</div>
`;
