// Jest Snapshot v1, https://goo.gl/fbAQLP

exports[`shoud render NotFoundPage correctly 1`] = `
<div>
  404! - 
  <[object Object]
    to="/"
  >
    Go home
  </[object Object]>
</div>
`;
